edges
| StoredXPathInjection.cs:22:28:22:35 | access to local variable userName : String | StoredXPathInjection.cs:25:45:25:148 | ... + ... | provenance |  |
| StoredXPathInjection.cs:22:28:22:35 | access to local variable userName : String | StoredXPathInjection.cs:28:41:28:144 | ... + ... | provenance |  |
| StoredXPathInjection.cs:22:39:22:65 | call to method GetString : String | StoredXPathInjection.cs:22:28:22:35 | access to local variable userName : String | provenance |  |
| StoredXPathInjection.cs:23:28:23:35 | access to local variable password : String | StoredXPathInjection.cs:25:45:25:148 | ... + ... | provenance |  |
| StoredXPathInjection.cs:23:28:23:35 | access to local variable password : String | StoredXPathInjection.cs:28:41:28:144 | ... + ... | provenance |  |
| StoredXPathInjection.cs:23:39:23:65 | call to method GetString : String | StoredXPathInjection.cs:23:28:23:35 | access to local variable password : String | provenance |  |
nodes
| StoredXPathInjection.cs:22:28:22:35 | access to local variable userName : String | semmle.label | access to local variable userName : String |
| StoredXPathInjection.cs:22:39:22:65 | call to method GetString : String | semmle.label | call to method GetString : String |
| StoredXPathInjection.cs:23:28:23:35 | access to local variable password : String | semmle.label | access to local variable password : String |
| StoredXPathInjection.cs:23:39:23:65 | call to method GetString : String | semmle.label | call to method GetString : String |
| StoredXPathInjection.cs:25:45:25:148 | ... + ... | semmle.label | ... + ... |
| StoredXPathInjection.cs:28:41:28:144 | ... + ... | semmle.label | ... + ... |
subpaths
#select
| StoredXPathInjection.cs:25:45:25:148 | ... + ... | StoredXPathInjection.cs:22:39:22:65 | call to method GetString : String | StoredXPathInjection.cs:25:45:25:148 | ... + ... | This XPath expression depends on a $@. | StoredXPathInjection.cs:22:39:22:65 | call to method GetString | stored (potentially user-provided) value |
| StoredXPathInjection.cs:25:45:25:148 | ... + ... | StoredXPathInjection.cs:23:39:23:65 | call to method GetString : String | StoredXPathInjection.cs:25:45:25:148 | ... + ... | This XPath expression depends on a $@. | StoredXPathInjection.cs:23:39:23:65 | call to method GetString | stored (potentially user-provided) value |
| StoredXPathInjection.cs:28:41:28:144 | ... + ... | StoredXPathInjection.cs:22:39:22:65 | call to method GetString : String | StoredXPathInjection.cs:28:41:28:144 | ... + ... | This XPath expression depends on a $@. | StoredXPathInjection.cs:22:39:22:65 | call to method GetString | stored (potentially user-provided) value |
| StoredXPathInjection.cs:28:41:28:144 | ... + ... | StoredXPathInjection.cs:23:39:23:65 | call to method GetString : String | StoredXPathInjection.cs:28:41:28:144 | ... + ... | This XPath expression depends on a $@. | StoredXPathInjection.cs:23:39:23:65 | call to method GetString | stored (potentially user-provided) value |
